// Jest Snapshot v1, https://goo.gl/fbAQLP

exports[`Test render the Rockets Component rockets section renders a hardcoded obj, passed as a prop 1`] = `
<div>
  <div
    class="container"
  >
    <ul
      class="flex1"
    />
  </div>
</div>
`;
